MyriadPro-Regular-7t MyriadPro-Regular " MinionPro-OT1Encoding ReEncodeFont " <my-lf-ot1.enc	<MyriadPro-Regular.pfb
MyriadPro-It-7t MyriadPro-It " MinionPro-OT1Encoding ReEncodeFont " <my-lf-ot1.enc			<MyriadPro-It.pfb
MyriadPro-Bold-7t MyriadPro-Bold " MinionPro-OT1Encoding ReEncodeFont " <my-lf-ot1.enc		<MyriadPro-Bold.pfb
MyriadPro-BoldIt-7t MyriadPro-BoldIt " MinionPro-OT1Encoding ReEncodeFont " <my-lf-ot1.enc	<MyriadPro-BoldIt.pfb
MyriadPro-Regular-OSF-7t MyriadPro-Regular " MinionPro-OT1Encoding ReEncodeFont " <my-osf-ot1.enc <MyriadPro-Regular.pfb
MyriadPro-It-OSF-7t MyriadPro-It " MinionPro-OT1Encoding ReEncodeFont " <my-osf-ot1.enc		<MyriadPro-It.pfb
MyriadPro-Bold-OSF-7t MyriadPro-Bold " MinionPro-OT1Encoding ReEncodeFont " <my-osf-ot1.enc	<MyriadPro-Bold.pfb
MyriadPro-BoldIt-OSF-7t MyriadPro-BoldIt " MinionPro-OT1Encoding ReEncodeFont " <my-osf-ot1.enc	<MyriadPro-BoldIt.pfb
MyriadPro-Regular-7m MyriadPro-Regular " MinionPro-OMLEncoding ReEncodeFont " <my-lf-oml.enc 	<MyriadPro-Regular.pfb
MyriadPro-It-7m MyriadPro-It " MinionPro-OMLEncoding ReEncodeFont " <my-lf-oml.enc 			<MyriadPro-It.pfb
MyriadPro-Bold-7m MyriadPro-Bold " MinionPro-OMLEncoding ReEncodeFont " <my-lf-oml.enc 		<MyriadPro-Bold.pfb
MyriadPro-BoldIt-7m MyriadPro-BoldIt " MinionPro-OMLEncoding ReEncodeFont " <my-lf-oml.enc 	<MyriadPro-BoldIt.pfb
MyriadPro-Regular-OSF-7m MyriadPro-Regular " MinionPro-OSFOMLEncoding ReEncodeFont " <my-osf-oml.enc <MyriadPro-Regular.pfb
MyriadPro-It-OSF-7m MyriadPro-It " MinionPro-OSFOMLEncoding ReEncodeFont " <my-osf-oml.enc 	<MyriadPro-It.pfb
MyriadPro-Bold-OSF-7m MyriadPro-Bold " MinionPro-OSFOMLEncoding ReEncodeFont " <my-osf-oml.enc 	<MyriadPro-Bold.pfb
MyriadPro-BoldIt-OSF-7m MyriadPro-BoldIt " MinionPro-OSFOMLEncoding ReEncodeFont " <my-osf-oml.enc <MyriadPro-BoldIt.pfb
MyriadPro-Regular-k MyriadPro-Regular " MinionPro-LGREncoding ReEncodeFont " <my-lf-lgr.enc 	<MyriadPro-Regular.pfb
MyriadPro-It-k MyriadPro-It " MinionPro-LGREncoding ReEncodeFont " <my-lf-lgr.enc 			<MyriadPro-It.pfb
MyriadPro-Bold-k MyriadPro-Bold " MinionPro-LGREncoding ReEncodeFont " <my-lf-lgr.enc 		<MyriadPro-Bold.pfb
MyriadPro-BoldIt-k MyriadPro-BoldIt " MinionPro-LGREncoding ReEncodeFont " <my-lf-lgr.enc 	<MyriadPro-BoldIt.pfb
MyriadPro-Regular-8t MyriadPro-Regular " MinionPro-T1Encoding ReEncodeFont " <my-lf-t1.enc 	<MyriadPro-Regular.pfb
MyriadPro-It-8t MyriadPro-It " MinionPro-T1Encoding ReEncodeFont " <my-lf-t1.enc 			<MyriadPro-It.pfb
MyriadPro-Bold-8t MyriadPro-Bold " MinionPro-T1Encoding ReEncodeFont " <my-lf-t1.enc 		<MyriadPro-Bold.pfb
MyriadPro-BoldIt-8t MyriadPro-BoldIt " MinionPro-T1Encoding ReEncodeFont " <my-lf-t1.enc 		<MyriadPro-BoldIt.pfb
MyriadPro-Regular-OSF-8t MyriadPro-Regular " MinionPro-OSFT1Encoding ReEncodeFont " <my-osf-t1.enc <MyriadPro-Regular.pfb
MyriadPro-It-OSF-8t MyriadPro-It " MinionPro-OSFT1Encoding ReEncodeFont " <my-osf-t1.enc 		<MyriadPro-It.pfb
MyriadPro-Bold-OSF-8t MyriadPro-Bold " MinionPro-OSFT1Encoding ReEncodeFont " <my-osf-t1.enc 	<MyriadPro-Bold.pfb
MyriadPro-BoldIt-OSF-8t MyriadPro-BoldIt " MinionPro-OSFT1Encoding ReEncodeFont " <my-osf-t1.enc <MyriadPro-BoldIt.pfb
MyriadPro-Regular-8c MyriadPro-Regular " MinionPro-TS1Encoding ReEncodeFont " <my-lf-ts1.enc 	<MyriadPro-Regular.pfb
MyriadPro-It-8c MyriadPro-It " MinionPro-TS1Encoding ReEncodeFont " <my-lf-ts1.enc 			<MyriadPro-It.pfb
MyriadPro-Bold-8c MyriadPro-Bold " MinionPro-TS1Encoding ReEncodeFont " <my-lf-ts1.enc 		<MyriadPro-Bold.pfb
MyriadPro-BoldIt-8c MyriadPro-BoldIt " MinionPro-TS1Encoding ReEncodeFont " <my-lf-ts1.enc 	<MyriadPro-BoldIt.pfb
MyriadPro-Regular-OSF-8c MyriadPro-Regular " MinionPro-TS1Encoding ReEncodeFont " <my-osf-ts1.enc <MyriadPro-Regular.pfb
MyriadPro-It-OSF-8c MyriadPro-It " MinionPro-TS1Encoding ReEncodeFont " <my-osf-ts1.enc 		<MyriadPro-It.pfb
MyriadPro-Bold-OSF-8c MyriadPro-Bold " MinionPro-TS1Encoding ReEncodeFont " <my-osf-ts1.enc 	<MyriadPro-Bold.pfb
MyriadPro-BoldIt-OSF-8c MyriadPro-BoldIt " MinionPro-TS1Encoding ReEncodeFont " <my-osf-ts1.enc <MyriadPro-BoldIt.pfb
